2026-05-01 13:55:13 [INFO] =======================================================
2026-05-01 13:55:13 [INFO]   의사과학자 키워드 모니터링 시작
2026-05-01 13:55:13 [INFO]   키워드: ['의사과학자']
2026-05-01 13:55:13 [INFO]   모드: DRY-RUN (이메일 미발송)
2026-05-01 13:55:13 [INFO] =======================================================
2026-05-01 13:55:13 [INFO] [메디게이트뉴스] RSS 수집 시작: https://www.medigatenews.com/rss.xml
2026-05-01 13:55:13 [INFO] [메디게이트뉴스] 0개 항목 수집
2026-05-01 13:55:13 [INFO] [메디게이트뉴스] 새 키워드 기사 없음
2026-05-01 13:55:13 [INFO] [청년의사] HTML 파싱 시작: https://www.docdocdoc.co.kr/news/articleList.html (3페이지)
2026-05-01 13:55:14 [INFO] [청년의사] 페이지 1: 21개 항목 처리
2026-05-01 13:55:15 [INFO] [청년의사] 페이지 2: 21개 항목 처리
2026-05-01 13:55:17 [INFO] [청년의사] 페이지 3: 21개 항목 처리
2026-05-01 13:55:18 [INFO] [청년의사] 총 20개 고유 기사 수집 완료
2026-05-01 13:55:18 [INFO] [청년의사] 새 키워드 기사 없음
2026-05-01 13:55:18 [INFO] [의협신문] HTML 파싱 시작: https://www.doctorsnews.co.kr/news/articleList.html (3페이지)
2026-05-01 13:55:18 [INFO] [의협신문] 페이지 1: 20개 항목 처리
2026-05-01 13:55:20 [INFO] [의협신문] 페이지 2: 20개 항목 처리
2026-05-01 13:55:22 [INFO] [의협신문] 페이지 3: 20개 항목 처리
2026-05-01 13:55:23 [INFO] [의협신문] 총 60개 고유 기사 수집 완료
2026-05-01 13:55:23 [INFO] 키워드 매칭 1건: ['의사과학자 100인 발굴 착수 "연구·임상·산업 잇는 인재 생태계 구축"']
2026-05-01 13:55:23 [INFO] [DRY-RUN] 이메일 미발송:
  제목: [의사과학자 알림] 의사과학자 100인 발굴 착수 "연구·임상·산업 잇는 인재 생태계 구축"
2026-05-01 13:55:23 [INFO] CSV 저장 완료: 1개 → news_archive.csv
2026-05-01 13:55:23 [INFO] =======================================================
2026-05-01 13:55:23 [INFO]   크롤링 총계 : 80개 기사
2026-05-01 13:55:23 [INFO]   키워드 신규 : 1개 발견
2026-05-01 13:55:23 [INFO]     ✅ [의협신문] 의사과학자 100인 발굴 착수 "연구·임상·산업 잇는 인재 생태계 구축"
2026-05-01 13:55:23 [INFO] =======================================================
2026-05-02 03:38:34 [INFO] =======================================================
2026-05-02 03:38:34 [INFO]   의사과학자 키워드 모니터링 시작
2026-05-02 03:38:34 [INFO]   키워드: ['의사과학자']
2026-05-02 03:38:34 [INFO]   모드: 실제 실행
2026-05-02 03:38:34 [INFO] =======================================================
2026-05-02 03:38:34 [INFO] 아카이브 로드 완료: 1개 기존 URL
2026-05-02 03:38:34 [INFO] [청년의사] HTML 파싱 시작: https://www.docdocdoc.co.kr/news/articleList.html (3페이지)
2026-05-02 03:38:36 [INFO] [청년의사] 페이지 1: 21개 항목 처리
2026-05-02 03:38:38 [INFO] [청년의사] 페이지 2: 21개 항목 처리
2026-05-02 03:38:40 [INFO] [청년의사] 페이지 3: 21개 항목 처리
2026-05-02 03:38:41 [INFO] [청년의사] 총 20개 고유 기사 수집 완료
2026-05-02 03:38:41 [INFO] [청년의사] 새 키워드 기사 없음
2026-05-02 03:38:41 [INFO] [의협신문] HTML 파싱 시작: https://www.doctorsnews.co.kr/news/articleList.html (3페이지)
2026-05-02 03:38:42 [INFO] [의협신문] 페이지 1: 20개 항목 처리
2026-05-02 03:38:45 [INFO] [의협신문] 페이지 2: 20개 항목 처리
2026-05-02 03:38:48 [INFO] [의협신문] 페이지 3: 20개 항목 처리
2026-05-02 03:38:49 [INFO] [의협신문] 총 60개 고유 기사 수집 완료
2026-05-02 03:38:49 [INFO] 키워드 매칭 1건: ['의사과학자 100인 발굴 착수 "연구·임상·산업 잇는 인재 생태계 구축"']
2026-05-02 03:38:49 [INFO] [의협신문] 새 키워드 기사 없음
2026-05-02 03:38:49 [INFO] =======================================================
2026-05-02 03:38:49 [INFO]   크롤링 총계 : 80개 기사
2026-05-02 03:38:49 [INFO]   키워드 신규 : 0개 발견
2026-05-02 03:38:49 [INFO] =======================================================
2026-05-03 04:01:31 [INFO] =======================================================
2026-05-03 04:01:31 [INFO]   의사과학자 키워드 모니터링 시작
2026-05-03 04:01:31 [INFO]   키워드: ['의사과학자']
2026-05-03 04:01:31 [INFO]   모드: 실제 실행
2026-05-03 04:01:31 [INFO] =======================================================
2026-05-03 04:01:31 [INFO] 아카이브 로드 완료: 1개 기존 URL
2026-05-03 04:01:31 [INFO] [청년의사] HTML 파싱 시작: https://www.docdocdoc.co.kr/news/articleList.html (3페이지)
2026-05-03 04:01:33 [INFO] [청년의사] 페이지 1: 21개 항목 처리
2026-05-03 04:01:35 [INFO] [청년의사] 페이지 2: 21개 항목 처리
2026-05-03 04:01:37 [INFO] [청년의사] 페이지 3: 21개 항목 처리
2026-05-03 04:01:38 [INFO] [청년의사] 총 20개 고유 기사 수집 완료
2026-05-03 04:01:38 [INFO] [청년의사] 새 키워드 기사 없음
2026-05-03 04:01:38 [INFO] [의협신문] HTML 파싱 시작: https://www.doctorsnews.co.kr/news/articleList.html (3페이지)
2026-05-03 04:01:39 [INFO] [의협신문] 페이지 1: 20개 항목 처리
2026-05-03 04:01:41 [INFO] [의협신문] 페이지 2: 20개 항목 처리
2026-05-03 04:01:43 [INFO] [의협신문] 페이지 3: 20개 항목 처리
2026-05-03 04:01:44 [INFO] [의협신문] 총 60개 고유 기사 수집 완료
2026-05-03 04:01:44 [INFO] 키워드 매칭 1건: ['의사과학자 100인 발굴 착수 "연구·임상·산업 잇는 인재 생태계 구축"']
2026-05-03 04:01:44 [INFO] [의협신문] 새 키워드 기사 없음
2026-05-03 04:01:44 [INFO] =======================================================
2026-05-03 04:01:44 [INFO]   크롤링 총계 : 80개 기사
2026-05-03 04:01:44 [INFO]   키워드 신규 : 0개 발견
2026-05-03 04:01:44 [INFO] =======================================================
2026-05-04 03:58:09 [INFO] =======================================================
2026-05-04 03:58:09 [INFO]   의사과학자 키워드 모니터링 시작
2026-05-04 03:58:09 [INFO]   키워드: ['의사과학자']
2026-05-04 03:58:09 [INFO]   모드: 실제 실행
2026-05-04 03:58:09 [INFO] =======================================================
2026-05-04 03:58:09 [INFO] 아카이브 로드 완료: 1개 기존 URL
2026-05-04 03:58:09 [INFO] [청년의사] HTML 파싱 시작: https://www.docdocdoc.co.kr/news/articleList.html (3페이지)
2026-05-04 03:58:11 [INFO] [청년의사] 페이지 1: 21개 항목 처리
2026-05-04 03:58:13 [INFO] [청년의사] 페이지 2: 21개 항목 처리
2026-05-04 03:58:15 [INFO] [청년의사] 페이지 3: 21개 항목 처리
2026-05-04 03:58:16 [INFO] [청년의사] 총 20개 고유 기사 수집 완료
2026-05-04 03:58:16 [INFO] [청년의사] 새 키워드 기사 없음
2026-05-04 03:58:16 [INFO] [의협신문] HTML 파싱 시작: https://www.doctorsnews.co.kr/news/articleList.html (3페이지)
2026-05-04 03:58:18 [INFO] [의협신문] 페이지 1: 20개 항목 처리
2026-05-04 03:58:20 [INFO] [의협신문] 페이지 2: 20개 항목 처리
2026-05-04 03:58:23 [INFO] [의협신문] 페이지 3: 20개 항목 처리
2026-05-04 03:58:24 [INFO] [의협신문] 총 60개 고유 기사 수집 완료
2026-05-04 03:58:24 [INFO] 키워드 매칭 1건: ['의사과학자 100인 발굴 착수 "연구·임상·산업 잇는 인재 생태계 구축"']
2026-05-04 03:58:24 [INFO] [의협신문] 새 키워드 기사 없음
2026-05-04 03:58:24 [INFO] =======================================================
2026-05-04 03:58:24 [INFO]   크롤링 총계 : 80개 기사
2026-05-04 03:58:24 [INFO]   키워드 신규 : 0개 발견
2026-05-04 03:58:24 [INFO] =======================================================
